[
  {
    "arch": "test-arch",
    "displayname": "test dist",
    "dist": "test-dist",
    "version": "test-version"
  }
]
